---
source: crates/compiler/parse/src/cypress.rs
description: "elsewhere\n"
---
(BeginTopLevelDecls HintExpr Ident=>LowerIdent@0 EndTopLevelDecls)

[=== canfmt below ===]
Ident("elsewhere")

[=== formatted below ===]

