---
source: crates/compiler/parse/src/cypress.rs
description: "-1_23_456.0_1_23_456\n"
---
(BeginFile
    (BeginTopLevelDecls HintExpr Float=>Float@0 EndTopLevelDecls)
EndFile)

[=== canfmt below ===]
Float("-1_23_456.0_1_23_456")

[=== formatted below ===]

