---
source: crates/compiler/parse/src/cypress.rs
description: "\"\"\n\n"
---
(BeginTopLevelDecls HintExpr String=>String@0 EndTopLevelDecls)

[=== canfmt below ===]
String("\"\"")

[=== formatted below ===]

