---
source: crates/compiler/cypress/tests/test_parse.rs
description: "t#\n=3\ne\n"
---
(BeginFile
    (BeginTopLevelDecls
        (BeginAssignDecl
            Ident=>LowerIdent@0
            InlineAssign=>OpAssign@1
            Num=>Int@2
        EndAssignDecl)
        HintExpr
        Ident=>LowerIdent@3
    EndTopLevelDecls)
EndFile)

[=== canfmt below ===]
Assign(Ident("t"), IntBase10("3"))
Ident("e")

[=== formatted below ===]

