---
source: crates/compiler/cypress/tests/test_parse.rs
description: "whenever\n"
---
(BeginFile
    (BeginTopLevelDecls HintExpr Ident=>LowerIdent@0 EndTopLevelDecls)
EndFile)

[=== canfmt below ===]
Ident("whenever")

[=== formatted below ===]
whenever
